Crimbo 2011 uses Candy Credit which is not an item.
Dimemaster uses dime which is not an item.
PirateRealm Fun-a-Log uses FunPoint which is not an item.
Game Shoppe uses store credit which is not an item.
The Pokémporium uses pokédollar bills which is not an item.
The Swagger Shop uses swagger which is not an item.
Coinmaster checks all done.